java.nio.file.AccessDeniedException: C:\Users\matth\AppData\Local\Coursier
  java.base@17.0.9/sun.nio.fs.WindowsFileSystemProvider.createDirectory(WindowsFileSystemProvider.java:521)
  java.base@17.0.9/java.nio.file.Files.createDirectory(Files.java:700)
  java.base@17.0.9/java.nio.file.Files.createAndCheckIsDirectory(Files.java:807)
  java.base@17.0.9/java.nio.file.Files.createDirectories(Files.java:793)
  coursier.paths.Util.createDirectories(Util.java:84)
  coursier.paths.CoursierPaths.computeCacheDirectoryFrom(CoursierPaths.java:81)
  coursier.cache.CacheEnv$.defaultCacheLocation(CacheEnv.scala:65)
  coursier.cache.CacheDefaults$.location$lzycompute(CacheDefaults.scala:17)
  coursier.cache.CacheDefaults$.location(CacheDefaults.scala:16)
  coursier.cache.FileCache$.apply(FileCache.scala:488)
  scala.cli.commands.shared.CoursierOptions.coursierCache(CoursierOptions.scala:47)
  scala.cli.commands.shared.CoursierOptions.coursierCache(CoursierOptions.scala:62)
  scala.cli.commands.shared.SharedOptions.coursierCache$lzyINIT1(SharedOptions.scala:666)
  scala.cli.commands.shared.SharedOptions.coursierCache(SharedOptions.scala:666)
  scala.cli.commands.shared.SharedOptions.buildOptions$$anonfun$1(SharedOptions.scala:480)
  scala.build.EitherCps$Helper.apply(EitherCps.scala:19)
  scala.cli.commands.shared.SharedOptions.buildOptions(SharedOptions.scala:340)
  scala.cli.commands.shared.HasSharedWatchOptions.buildOptions(HasSharedWatchOptions.scala:10)
  scala.cli.commands.shared.HasSharedWatchOptions.buildOptions$(HasSharedWatchOptions.scala:5)
  scala.cli.commands.run.RunOptions.buildOptions(RunOptions.scala:13)
  scala.cli.commands.run.Run$.buildOptions(Run.scala:74)
  scala.cli.commands.run.Run$.buildOptions(Run.scala:70)
  scala.cli.commands.ScalaCommand.run(ScalaCommand.scala:421)
  scala.cli.commands.ScalaCommand.run(ScalaCommand.scala:392)
  caseapp.core.app.CaseApp.main(CaseApp.scala:166)
  scala.cli.commands.ScalaCommand.main(ScalaCommand.scala:377)
  caseapp.core.app.CommandsEntryPoint.main(CommandsEntryPoint.scala:370)
  scala.cli.ScalaCliCommands.main(ScalaCliCommands.scala:125)
  scala.cli.ScalaCli$.main0$$anonfun$1(ScalaCli.scala:338)
  scala.runtime.function.JProcedure1.apply(JProcedure1.java:15)
  scala.runtime.function.JProcedure1.apply(JProcedure1.java:10)
  scala.build.EitherCps$Helper.apply(EitherCps.scala:19)
  scala.cli.ScalaCli$.main0(ScalaCli.scala:239)
  scala.cli.ScalaCli$.main(ScalaCli.scala:123)
  scala.cli.ScalaCli.main(ScalaCli.scala)
